// Jest Snapshot v1, https://goo.gl/fbAQLP

exports[`should not return ChallengeHeader component when no parameters are passed in 1`] = `null`;

exports[`should return ChallengeHeader component with correct props 1`] = `
<ChallengeHeader
  questionText="Question text"
  questionTitle="Question title"
/>
`;
