// Jest Snapshot v1, https://goo.gl/fbAQLP

exports[`MultipleChoiceQuestion should not render MultipleChoiceQuestion component when no possibleAnswers is passed in 1`] = `""`;

exports[`MultipleChoiceQuestion should render MultipleChoiceQuestion component 1`] = `
<ThemeProvider
  theme={
    Object {
      "colors": Object {
        "correctBannerBackground": "#b8f28b",
        "correctBannerText": "#58a700",
        "darkBlue": "#1cb0f6",
        "darkGray": "#e5e5e5",
        "incorrectBannerBackground": "#ffc1c1",
        "incorrectBannerText": "#ea2b2b",
        "lightBlue": "#ddf4ff",
        "lightGray": "#f7f7f7",
        "slate": "#323c41",
        "undecidedBannerBackground": "#f5f5f5",
        "white": "#ffffff",
      },
    }
  }
>
  <styled.div>
    <styled.h1>
      Mark the correct meaning
    </styled.h1>
    <styled.span>
      One, Two, Three!
    </styled.span>
    <styled.div>
      <styled.span
        isActive={false}
        isAnswerSubmitted={false}
        key="Uno-dos-tres0"
        onClick={[Function]}
      >
        ¡Uno, dos, tres!
      </styled.span>
      <styled.span
        isActive={false}
        isAnswerSubmitted={false}
        key="Un-queso-31"
        onClick={[Function]}
      >
        ¡Un, queso, 3
      </styled.span>
      <styled.span
        isActive={false}
        isAnswerSubmitted={false}
        key="1-sal-y-32"
        onClick={[Function]}
      >
        ¡1, sal y 3!
      </styled.span>
    </styled.div>
  </styled.div>
  <styled.div>
    <ResultBanner
      bannerType="undecided"
      buttonText="Check Result"
      isActive={false}
      onClickFunction={[Function]}
    />
  </styled.div>
</ThemeProvider>
`;
