// Jest Snapshot v1, https://goo.gl/fbAQLP

exports[`MultipleChoiceQuestion component should not render MultipleChoiceQuestion component 1`] = `""`;

exports[`MultipleChoiceQuestion component should render MultipleChoiceQuestion component 1`] = `
<ThemeProvider
  theme={
    Object {
      "colors": Object {
        "activeButtonBackground": "#b8f28b",
        "activeButtonBorder": "#78c800",
        "activeButtonHover": "#84dc00",
        "activeLabelBackground": "#ddf4ff",
        "activeLabelBorder": "#1cb0f6",
        "buttonBackground": "#e5e5e5",
        "buttonBorder": "#323c41",
        "correctBannerBackground": "#b8f28b",
        "iconBackground": "#ffffff",
        "incorrectBannerBackground": "#ffc1c1",
        "labelBackground": "#ffffff",
        "labelBorder": "#e5e5e5",
        "labelHover": "#f7f7f7",
        "text": "#323c41",
        "textAreaBackground": "#ffffff",
        "textAreaBorder": "#e5e5e5",
        "undecidedBannerBackground": "#f5f5f5",
      },
    }
  }
>
  <styled.div>
    <ChallengeHeader
      questionText="One, Two, Three!"
      questionTitle="Mark the correct meaning"
    />
    <Label
      imageAltTag=""
      imageUrl=""
      isAnswerSubmitted={false}
      isLabelActive={false}
      key="¡Uno, dos, tres!"
      labelText="¡Uno, dos, tres!"
      onClickFunction={[Function]}
      onKeyPressFunction={[Function]}
    />
    <Label
      imageAltTag=""
      imageUrl=""
      isAnswerSubmitted={false}
      isLabelActive={false}
      key="¡Un, queso, 3!"
      labelText="¡Un, queso, 3!"
      onClickFunction={[Function]}
      onKeyPressFunction={[Function]}
    />
    <Label
      imageAltTag=""
      imageUrl=""
      isAnswerSubmitted={false}
      isLabelActive={false}
      key="¡1, sal y 3!"
      labelText="¡1, sal y 3!"
      onClickFunction={[Function]}
      onKeyPressFunction={[Function]}
    />
  </styled.div>
  <ResultBanner
    answerStatus="undecided"
    buttonText="Check Result"
    isActive={false}
    onClickFunction={[Function]}
  />
</ThemeProvider>
`;
