// Jest Snapshot v1, https://goo.gl/fbAQLP

exports[`Label component Label component should render image Label component 1`] = `
<ThemeProvider
  theme={
    Object {
      "colors": Object {
        "correctBannerBackground": "#b8f28b",
        "darkBlue": "#1cb0f6",
        "darkGray": "#e5e5e5",
        "darkGreen": "#78c800",
        "incorrectBannerBackground": "#ffc1c1",
        "lightBlue": "#ddf4ff",
        "lightGray": "#f7f7f7",
        "lightGreen": "#b8f28b",
        "mediumGreen": "#84dc00",
        "slate": "#323c41",
        "undecidedBannerBackground": "#f5f5f5",
        "white": "#ffffff",
      },
    }
  }
>
  <styled.div>
    <styled.div
      aria-label="Some nice label text"
      isAnswerSubmitted={false}
      isImageLabel={false}
      isLabelActive={false}
      tabIndex={0}
    >
      <styled.span>
        Some nice label text
      </styled.span>
    </styled.div>
  </styled.div>
</ThemeProvider>
`;

exports[`Label component Label component should render text Label component 1`] = `
<ThemeProvider
  theme={
    Object {
      "colors": Object {
        "correctBannerBackground": "#b8f28b",
        "darkBlue": "#1cb0f6",
        "darkGray": "#e5e5e5",
        "darkGreen": "#78c800",
        "incorrectBannerBackground": "#ffc1c1",
        "lightBlue": "#ddf4ff",
        "lightGray": "#f7f7f7",
        "lightGreen": "#b8f28b",
        "mediumGreen": "#84dc00",
        "slate": "#323c41",
        "undecidedBannerBackground": "#f5f5f5",
        "white": "#ffffff",
      },
    }
  }
>
  <styled.div>
    <styled.div
      aria-label="Some nice label text"
      isAnswerSubmitted={false}
      isImageLabel={false}
      isLabelActive={false}
      tabIndex={0}
    >
      <styled.span>
        Some nice label text
      </styled.span>
    </styled.div>
  </styled.div>
</ThemeProvider>
`;
